src/app/(dashboard)/landlord/leases/new/CreateLeaseClient.tsx(139,52): error TS2345: Argument of type 'string | null' is not assignable to parameter of type 'string'.
  Type 'null' is not assignable to type 'string'.
src/components/leases/DocumentUploader.tsx(7,26): error TS2307: Cannot find module '@/components/ui/progress' or its corresponding type declarations.
